生成启动时间为 2026/5/15 14:50:12。
     1>项目“D:\Project\AutoCopy\AutoCopy\AutoCopy.vcxproj”在节点 2 上(Rebuild 个目标)。
     1>CustomBuild:
         Moc'ing AutoCopy.h...
         Uic'ing AutoCopy.ui...
         Rcc'ing AutoCopy.qrc...
     1>RCC : warning : No resources in 'D:\Project\AutoCopy\AutoCopy\AutoCopy.qrc'.
         
       ClCompile:
         C:\Program Files (x86)\Microsoft Visual Studio 14.0\VC\bin\CL.exe /c /I.\GeneratedFiles /I. /ID:\Qt\Qt5.8.0\5.8\msvc2015\include /I.\GeneratedFiles\Debug /ID:\Qt\Qt5.8.0\5.8\msvc2015\include\QtCore /ID:\Qt\Qt5.8.0\5.8\msvc2015\include\QtGui /ID:\Qt\Qt5.8.0\5.8\msvc2015\include\QtWidgets /Zi /nologo /W1 /WX- /Od /Oy- /D UNICODE /D WIN32 /D WIN64 /D QT_DLL /D QT_CORE_LIB /D QT_GUI_LIB /D QT_WIDGETS_LIB /D _AFXDLL /Gm- /EHsc /MDd /GS /fp:precise /Zc:wchar_t /Zc:forScope /Zc:inline /Fo"Debug\\" /Fd"Debug\vc140.pdb" /Gd /TP /analyze- /errorReport:prompt AutoCopy.cpp GeneratedFiles\Debug\moc_AutoCopy.cpp main.cpp
         AutoCopy.cpp
         _WIN32_WINNT not defined. Defaulting to _WIN32_WINNT_MAXVER (see WinSDKVer.h)
         moc_AutoCopy.cpp
         main.cpp
         正在生成代码...
         C:\Program Files (x86)\Microsoft Visual Studio 14.0\VC\bin\CL.exe /c /I.\GeneratedFiles /I. /ID:\Qt\Qt5.8.0\5.8\msvc2015\include /I.\GeneratedFiles\Debug /ID:\Qt\Qt5.8.0\5.8\msvc2015\include\QtCore /ID:\Qt\Qt5.8.0\5.8\msvc2015\include\QtGui /ID:\Qt\Qt5.8.0\5.8\msvc2015\include\QtWidgets /Zi /nologo /W1 /WX- /Od /Oy- /D UNICODE /D WIN32 /D WIN64 /D QT_DLL /D QT_CORE_LIB /D QT_GUI_LIB /D QT_WIDGETS_LIB /D _AFXDLL /Gm- /EHsc /MDd /GS /fp:precise /Zc:wchar_t /Zc:forScope /Zc:inline /Fo"Debug\\" /Fd"Debug\vc140.pdb" /Gd /TP /analyze- /errorReport:prompt GeneratedFiles\qrc_AutoCopy.cpp
         qrc_AutoCopy.cpp
       Link:
         C:\Program Files (x86)\Microsoft Visual Studio 14.0\VC\bin\link.exe /ERRORREPORT:PROMPT /OUT:"D:\Project\AutoCopy\Win32\Debug\\AutoCopy.exe" /NOLOGO /LIBPATH:D:\Qt\Qt5.8.0\5.8\msvc2015\lib qtmaind.lib Qt5Cored.lib Qt5Guid.lib Qt5Widgetsd.lib /MANIFEST /MANIFESTUAC:"level='asInvoker' uiAccess='false'" /manifest:embed /manifestinput:"C:\Program Files (x86)\Microsoft Visual Studio 14.0\VC\Include\Manifest\dpiaware.manifest" /Debug /PDB:"D:\Project\AutoCopy\Win32\Debug\AutoCopy.pdb" /SUBSYSTEM:WINDOWS /TLBID:1 /DYNAMICBASE /NXCOMPAT /IMPLIB:"D:\Project\AutoCopy\Win32\Debug\AutoCopy.lib" /MACHINE:X86 /SAFESEH Debug\AutoCopy.obj
         Debug\moc_AutoCopy.obj
         Debug\qrc_AutoCopy.obj
         Debug\main.obj
         AutoCopy.vcxproj -> D:\Project\AutoCopy\Win32\Debug\AutoCopy.exe
     1>已完成生成项目“D:\Project\AutoCopy\AutoCopy\AutoCopy.vcxproj”(Rebuild 个目标)的操作。

已成功生成。

已用时间 00:00:03.59
